<!DOCTYPE html>
<html>
  <head>
    <title>Welcome to a Test Suite</title>
    <meta name="description" content="It's cool."/>
    <meta charset="utf-8">
    <meta name="viewport" content="width=device-width, initial-scale=1">
    <link rel="stylesheet" href="/styles/vendor.css">
    <link rel="stylesheet" href="/styles/main.css">
    <script src="/scripts/vendor/modernizr.js"></script>
  </head>
  <body>
    <div class="container-fluid gray-dark-bg">
      <p>Wow!</p>
    </div>
    <div class="container-fluid">
      <p>Super!</p>
    </div>
    <div class="container-fluid">
      <p>Amazing</p>
    </div>
    <div class="container-fluid">
      <div class="row">
        <h2>Beer!</h2>
      </div>
    </div>
    <div class="container-fluid gray-dark-bg">
      <div class="footer">
        <div class="row">
          <div class="copyright">Â©2014 Programming Is A Cool Job. All Rights Reserved.  </div>
        </div>
      </div>
    </div>
    <script type="text/javascript">
      function(){}
      
    </script>
    <script src="/scripts/vendor.js"></script>
    <script src="/scripts/main.js"></script>
  </body>
</html>