<h1 id="cool-idea">Cool Idea</h1>
<p>Awesome.</p>
