<!doctype html>
<html>
<head>
  <title></title>
</head>
<body>
  wow!

  <!-- sidebar:html -->
  <ul><li><a href="index.html">Ghost Ring</a></li><li><a href="markdown.html">markdown</a></li><li><a href="sidebar-test.html">sidebar test</a></li><ul><li><a href="about/index.html">about</a></li></ul><ul><ul><li><a href="academy/faq/index.html">faq</a></li></ul></ul></ul><p>end sidebar</p>
  <!-- endinject -->

  cool!
</body>
</html>